// Jest Snapshot v1, https://goo.gl/fbAQLP

exports[`renders when data  is passed as prop 1`] = `
<table
  className="sm:w-full lg:w-4/5 table-auto border-solid border-gray-400 border-collapse mb-10"
>
  <thead>
    <tr>
      <th
        className="font-bold py-4 px-2 leading-none border border-gray-400"
      >
        
      </th>
      <th
        className="font-bold py-4 px-2 leading-none border border-gray-400"
      >
        Approved Symbol
      </th>
      <th
        className="font-bold py-4 px-2 leading-none border border-gray-400"
      >
        Gene Name
      </th>
      <th
        className="font-bold py-4 px-2 leading-none border border-gray-400"
      >
        Overall Association Score
      </th>
    </tr>
  </thead>
  <tbody
    className="border border-gray-400 border-collapse"
  >
    <tr>
      <td
        className="flex items-stretch border border-gray-400 border-collapse p-0"
      >
        <button
          className="flex text-xl px-3 py-3 h-100 w-100 bg-embl-primary-blue text-white w-full h-full justify-center "
          onClick={[Function]}
        >
          +
        </button>
      </td>
      <td
        className="text-embl-primary-blue px-2 border-collapse border border-gray-400 leading-3"
      >
        <a
          href="https://platform.opentargets.org/target/epidermal growth factor receptor"
          rel="noopener noreferrer"
          target="_blank"
        >
          EGFR
        </a>
      </td>
      <td
        className="px-2 border-collapse border border-gray-400"
      >
        epidermal growth factor receptor
      </td>
      <td
        className="px-2 border-collapse border border-gray-400"
      >
        0.890
      </td>
    </tr>
    <tr
      className="hidden"
    >
      <td
        className="border border-gray-400"
        colSpan="4"
      >
        <div
          className="tab-container my-2 mx-5"
        >
          <div
            className="tab-list flex border-gray-400 border-b-2"
          >
            <span
              className=" px-4 cursor-pointer bg-embl-primary-blue text-white"
              onClick={[Function]}
            >
              Bar chart
            </span>
            <span
              className=" px-4 cursor-pointer bg-white text-embl-primary-blue"
              onClick={[Function]}
            >
              Radar chart
            </span>
          </div>
          <div
            className="flex h-80 justify-center items-center"
          >
            <canvas
              className="max-h-full max-w-full"
              height={150}
              role="img"
              width={300}
            />
          </div>
        </div>
      </td>
    </tr>
    <tr>
      <td
        className="flex items-stretch border border-gray-400 border-collapse p-0"
      >
        <button
          className="flex text-xl px-3 py-3 h-100 w-100 bg-embl-primary-blue text-white w-full h-full justify-center "
          onClick={[Function]}
        >
          +
        </button>
      </td>
      <td
        className="text-embl-primary-blue px-2 border-collapse border border-gray-400 leading-3"
      >
        <a
          href="https://platform.opentargets.org/target/KRAS proto-oncogene, GTPase"
          rel="noopener noreferrer"
          target="_blank"
        >
          KRAS
        </a>
      </td>
      <td
        className="px-2 border-collapse border border-gray-400"
      >
        KRAS proto-oncogene, GTPase
      </td>
      <td
        className="px-2 border-collapse border border-gray-400"
      >
        0.790
      </td>
    </tr>
    <tr
      className="hidden"
    >
      <td
        className="border border-gray-400"
        colSpan="4"
      >
        <div
          className="tab-container my-2 mx-5"
        >
          <div
            className="tab-list flex border-gray-400 border-b-2"
          >
            <span
              className=" px-4 cursor-pointer bg-embl-primary-blue text-white"
              onClick={[Function]}
            >
              Bar chart
            </span>
            <span
              className=" px-4 cursor-pointer bg-white text-embl-primary-blue"
              onClick={[Function]}
            >
              Radar chart
            </span>
          </div>
          <div
            className="flex h-80 justify-center items-center"
          >
            <canvas
              className="max-h-full max-w-full"
              height={150}
              role="img"
              width={300}
            />
          </div>
        </div>
      </td>
    </tr>
  </tbody>
</table>
`;

exports[`renders when no data  is passed as prop 1`] = `
<table
  className="sm:w-full lg:w-4/5 table-auto border-solid border-gray-400 border-collapse mb-10"
>
  <thead>
    <tr />
  </thead>
  <tbody
    className="border border-gray-400 border-collapse"
  />
</table>
`;
